[+] Containers:
 |- [+] Container: /Game/ThirdPerson/Maps/GreyBox
 |   |- [+] ActorDescs:
 |   |   |- Guid:0F6FD8D948B67FADA3AA3680CD814332 BaseClass: NativeClass:/Script/Engine.ExponentialHeightFog Name:ExponentialHeightFog_0 Label:ExponentialHeightFog SpatiallyLoaded:0 Bounds:IsValid=true, Min=(X=-5600.000 Y=-50.000 Z=-6850.000), Max=(X=-5600.000 Y=-50.000 Z=-6850.000) RuntimeGrid:None EditorOnly:0 RuntimeOnly:0 HLODRelevant:0 ListedInSceneOutliner:1 IsMainWorldOnly:0 FolderPath:Lighting FolderGuid:963EC3EB4002CCE9759E2EBA541A873A
 |   |   |- Guid:12198F1B42D54E2ACB7CFBBAEAA3C56C BaseClass: NativeClass:/Script/NavigationSystem.RecastNavMesh Name:RecastNavMesh_UAID_3C7C3FF43385C04A02-Default Label:RecastNavMesh-Default SpatiallyLoaded:0 Bounds:IsValid=true, Min=(X=0.000 Y=0.000 Z=0.000), Max=(X=0.000 Y=0.000 Z=0.000) RuntimeGrid:None EditorOnly:0 RuntimeOnly:0 HLODRelevant:0 ListedInSceneOutliner:1 IsMainWorldOnly:0
 |   |   |- Guid:1C3C380941FAC57B4C3171B64E1B823B BaseClass: NativeClass:/Script/GeometryCollectionEngine.GeometryCollectionActor Name:GeometryCollectionActor_UAID_3C7C3FF43385CD6302_1901496124 Label:GC_wooden_box SpatiallyLoaded:1 Bounds:IsValid=true, Min=(X=-437.004 Y=2199.996 Z=62.996), Max=(X=-330.996 Y=2306.004 Z=169.004) RuntimeGrid:None EditorOnly:0 RuntimeOnly:0 HLODRelevant:0 ListedInSceneOutliner:1 IsMainWorldOnly:0
 |   |   |- Guid:21ECE6AA4C2A2B9C830811BE6A5CC44C BaseClass: NativeClass:/Script/GeometryCollectionEngine.GeometryCollectionActor Name:GeometryCollectionActor_UAID_3C7C3FF43385CD6302_1916256128 Label:GC_wooden_box5 SpatiallyLoaded:1 Bounds:IsValid=true, Min=(X=-437.004 Y=1768.996 Z=62.996), Max=(X=-330.996 Y=1875.004 Z=169.004) RuntimeGrid:None EditorOnly:0 RuntimeOnly:0 HLODRelevant:0 ListedInSceneOutliner:1 IsMainWorldOnly:0
 |   |   |- Guid:30D83BB140AD4C1F174756A1ADF0B2F3 BaseClass: NativeClass:/Script/Engine.StaticMeshActor Name:StaticMeshActor_UAID_3C7C3FF43385CD6302_1867227123 Label:SM_Cube13 SpatiallyLoaded:1 Bounds:IsValid=true, Min=(X=-443.000 Y=2315.000 Z=64.000), Max=(X=-343.000 Y=2940.000 Z=489.000) RuntimeGrid:None EditorOnly:0 RuntimeOnly:0 HLODRelevant:1 ListedInSceneOutliner:1 IsMainWorldOnly:0 FolderPath:Playground FolderGuid:C73F09FC4215536B1DCE2A9E0A830C70
 |   |   |- Guid:3539421F42BB0A876E2A4AB4DD1E6D40 BaseClass: NativeClass:/Script/Engine.VolumetricCloud Name:VolumetricCloud_0 Label:VolumetricCloud SpatiallyLoaded:0 Bounds:IsValid=true, Min=(X=0.000 Y=0.000 Z=820.000), Max=(X=0.000 Y=0.000 Z=820.000) RuntimeGrid:None EditorOnly:0 RuntimeOnly:0 HLODRelevant:0 ListedInSceneOutliner:1 IsMainWorldOnly:0 FolderPath:Lighting FolderGuid:963EC3EB4002CCE9759E2EBA541A873A
 |   |   |- Guid:49B062D0431D4D80A41647839C04C469 BaseClass: NativeClass:/Script/GeometryCollectionEngine.GeometryCollectionActor Name:GeometryCollectionActor_UAID_3C7C3FF43385CD6302_1941120129 Label:GC_wooden_box6 SpatiallyLoaded:1 Bounds:IsValid=true, Min=(X=-437.004 Y=2092.996 Z=175.996), Max=(X=-330.996 Y=2199.004 Z=282.004) RuntimeGrid:None EditorOnly:0 RuntimeOnly:0 HLODRelevant:0 ListedInSceneOutliner:1 IsMainWorldOnly:0
 |   |   |- Guid:60AC1DA048FF833EE16A719A5378D0E7 BaseClass: NativeClass:/Script/Engine.PostProcessVolume Name:PostProcessVolume_0 Label:PostProcessVolume SpatiallyLoaded:0 Bounds:IsValid=true, Min=(X=0.000 Y=0.000 Z=400.000), Max=(X=200.000 Y=200.000 Z=600.000) RuntimeGrid:None EditorOnly:0 RuntimeOnly:0 HLODRelevant:0 ListedInSceneOutliner:1 IsMainWorldOnly:0 FolderPath:Lighting FolderGuid:963EC3EB4002CCE9759E2EBA541A873A
 |   |   |- Guid:86F4491F45399FD2443F65A553D089F8 BaseClass: NativeClass:/Script/GeometryCollectionEngine.GeometryCollectionActor Name:GeometryCollectionActor_UAID_3C7C3FF43385CD6302_1912149126 Label:GC_wooden_box3 SpatiallyLoaded:1 Bounds:IsValid=true, Min=(X=-437.004 Y=1984.996 Z=62.996), Max=(X=-330.996 Y=2091.004 Z=169.004) RuntimeGrid:None EditorOnly:0 RuntimeOnly:0 HLODRelevant:0 ListedInSceneOutliner:1 IsMainWorldOnly:0
 |   |   |- Guid:87C58B8746435471EE3CA09673E1439C BaseClass: NativeClass:/Script/Engine.StaticMeshActor Name:StaticMeshActor_UAID_3C7C3FF43385926302_1940514738 Label:SM_Cube4 SpatiallyLoaded:1 Bounds:IsValid=true, Min=(X=78.000 Y=0.000 Z=64.000), Max=(X=678.000 Y=100.000 Z=489.000) RuntimeGrid:None EditorOnly:0 RuntimeOnly:0 HLODRelevant:1 ListedInSceneOutliner:1 IsMainWorldOnly:0 FolderPath:Playground FolderGuid:C73F09FC4215536B1DCE2A9E0A830C70
 |   |   |- Guid:8F293B834BBE8A1FE3D3B4B6326CC70A BaseClass: NativeClass:/Script/Engine.StaticMeshActor Name:StaticMeshActor_UAID_3C7C3FF43385926302_1937035737 Label:SM_Cube3 SpatiallyLoaded:1 Bounds:IsValid=true, Min=(X=653.000 Y=0.000 Z=64.000), Max=(X=753.000 Y=1250.000 Z=489.000) RuntimeGrid:None EditorOnly:0 RuntimeOnly:0 HLODRelevant:1 ListedInSceneOutliner:1 IsMainWorldOnly:0 FolderPath:Playground FolderGuid:C73F09FC4215536B1DCE2A9E0A830C70
 |   |   |- Guid:8F7D3DCD4BA09C457C4E9EA88C82C7D5 BaseClass: NativeClass:/Script/Engine.StaticMeshActor Name:StaticMeshActor_UAID_3C7C3FF43385926302_2093145743 Label:SM_Cube5 SpatiallyLoaded:1 Bounds:IsValid=true, Min=(X=-443.000 Y=1244.000 Z=-10.000), Max=(X=1157.000 Y=2944.000 Z=65.000) RuntimeGrid:None EditorOnly:0 RuntimeOnly:0 HLODRelevant:1 ListedInSceneOutliner:1 IsMainWorldOnly:0 FolderPath:Playground FolderGuid:C73F09FC4215536B1DCE2A9E0A830C70
 |   |   |- Guid:948DA9454595289D154C9C9955622453 BaseClass: NativeClass:/Script/Engine.StaticMeshActor Name:StaticMeshActor_UAID_3C7C3FF43385926302_1928536736 Label:SM_Cube2 SpatiallyLoaded:1 Bounds:IsValid=true, Min=(X=0.000 Y=0.000 Z=64.000), Max=(X=100.000 Y=1250.000 Z=489.000) RuntimeGrid:None EditorOnly:0 RuntimeOnly:0 HLODRelevant:1 ListedInSceneOutliner:1 IsMainWorldOnly:0 FolderPath:Playground FolderGuid:C73F09FC4215536B1DCE2A9E0A830C70
 |   |   |- Guid:9D2FB7D144B94833FD76658F59B5244C BaseClass: NativeClass:/Script/Engine.TextRenderActor Name:TextRenderActor_UAID_3C7C3FF43385926302_2009780740 Label:TextRenderActor4 SpatiallyLoaded:1 Bounds:IsValid=true, Min=(X=106.900 Y=95.538 Z=281.013), Max=(X=106.900 Y=734.000 Z=321.013) RuntimeGrid:None EditorOnly:0 RuntimeOnly:0 HLODRelevant:0 ListedInSceneOutliner:1 IsMainWorldOnly:0
 |   |   |- Guid:9DC61999482E2E78FDA724ACE5580351 BaseClass:/Game/Blueprints/AI/BP_Enemy.BP_Enemy_C NativeClass:/Script/Engine.Character Name:BP_Enemy_C_UAID_3C7C3FF43385936302_1245346926 Label:BP_Enemy2 SpatiallyLoaded:1 Bounds:IsValid=true, Min=(X=997.000 Y=2310.992 Z=167.000), Max=(X=1403.139 Y=2479.000 Z=439.000) RuntimeGrid:None EditorOnly:0 RuntimeOnly:0 HLODRelevant:0 ListedInSceneOutliner:1 IsMainWorldOnly:0
 |   |   |- Guid:9E6385FD4706F4C4DDFB61B86A2C6099 BaseClass: NativeClass:/Script/Engine.StaticMeshActor Name:StaticMeshActor_UAID_3C7C3FF43385CD6302_1842690121 Label:SM_Cube11 SpatiallyLoaded:1 Bounds:IsValid=true, Min=(X=-443.000 Y=1151.000 Z=64.000), Max=(X=32.000 Y=1251.000 Z=489.000) RuntimeGrid:None EditorOnly:0 RuntimeOnly:0 HLODRelevant:1 ListedInSceneOutliner:1 IsMainWorldOnly:0 FolderPath:Playground FolderGuid:C73F09FC4215536B1DCE2A9E0A830C70
 |   |   |- Guid:A14F52A34E61ECA44C8AE8AF8B7466B4 BaseClass: NativeClass:/Script/Engine.TextRenderActor Name:TextRenderActor_UAID_3C7C3FF43385926302_2009782742 Label:TextRenderActor3 SpatiallyLoaded:1 Bounds:IsValid=true, Min=(X=110.900 Y=181.462 Z=169.013), Max=(X=110.900 Y=668.000 Z=219.013) RuntimeGrid:None EditorOnly:0 RuntimeOnly:0 HLODRelevant:0 ListedInSceneOutliner:1 IsMainWorldOnly:0
 |   |   |- Guid:A55D310E4F49B5E06767CA999AA9CA88 BaseClass:/Game/Blueprints/AI/BP_Enemy.BP_Enemy_C NativeClass:/Script/Engine.Character Name:BP_Enemy_C_UAID_3C7C3FF43385926302_1768600735 Label:BP_Enemy SpatiallyLoaded:1 Bounds:IsValid=true, Min=(X=322.861 Y=2036.000 Z=22.000), Max=(X=729.000 Y=2204.008 Z=294.000) RuntimeGrid:None EditorOnly:0 RuntimeOnly:0 HLODRelevant:0 ListedInSceneOutliner:1 IsMainWorldOnly:0
 |   |   |- Guid:A64570E041EA4D7E1CF1EC91F679EB81 BaseClass: NativeClass:/Script/Engine.StaticMeshActor Name:StaticMeshActor_UAID_3C7C3FF43385926302_2144881744 Label:SM_Cube6 SpatiallyLoaded:1 Bounds:IsValid=true, Min=(X=665.000 Y=1244.000 Z=-102.954), Max=(X=1256.626 Y=1469.000 Z=234.662) RuntimeGrid:None EditorOnly:0 RuntimeOnly:0 HLODRelevant:1 ListedInSceneOutliner:1 IsMainWorldOnly:0 FolderPath:Playground FolderGuid:C73F09FC4215536B1DCE2A9E0A830C70
 |   |   |- Guid:A82444554E6987A93A746887CB2214EA BaseClass: NativeClass:/Script/Engine.WorldDataLayers Name:WorldDataLayers Label:WorldDataLayers SpatiallyLoaded:0 Bounds:Invalid RuntimeGrid:None EditorOnly:0 RuntimeOnly:0 HLODRelevant:0 ListedInSceneOutliner:1 IsMainWorldOnly:1
 |   |   |- Guid:A922C4B44A2CD407D36C7389257FE9B7 BaseClass: NativeClass:/Script/Engine.PlayerStart Name:PlayerStart_0 Label:PlayerStart SpatiallyLoaded:0 Bounds:IsValid=true, Min=(X=307.000 Y=168.000 Z=70.013), Max=(X=387.000 Y=248.000 Z=254.013) RuntimeGrid:None EditorOnly:0 RuntimeOnly:0 HLODRelevant:0 ListedInSceneOutliner:1 IsMainWorldOnly:0
 |   |   |- Guid:B4C28938480DBB9BB8E35BA7F95B4A12 BaseClass: NativeClass:/Script/Engine.TextRenderActor Name:TextRenderActor_UAID_3C7C3FF43385926302_2009777739 Label:TextRenderActor SpatiallyLoaded:1 Bounds:IsValid=true, Min=(X=648.900 Y=200.000 Z=274.013), Max=(X=648.900 Y=673.077 Z=324.013) RuntimeGrid:None EditorOnly:0 RuntimeOnly:0 HLODRelevant:0 ListedInSceneOutliner:1 IsMainWorldOnly:0
 |   |   |- Guid:B6DD0D36465B7263EA0B898FB0F77F9D BaseClass: NativeClass:/Script/Engine.StaticMeshActor Name:StaticMeshActor_UAID_3C7C3FF43385936302_1209651925 Label:SM_Cube10 SpatiallyLoaded:1 Bounds:IsValid=true, Min=(X=1155.000 Y=1478.000 Z=-461.000), Max=(X=1905.000 Y=2278.000 Z=714.000) RuntimeGrid:None EditorOnly:0 RuntimeOnly:0 HLODRelevant:1 ListedInSceneOutliner:1 IsMainWorldOnly:0 FolderPath:Playground FolderGuid:C73F09FC4215536B1DCE2A9E0A830C70
 |   |   |- Guid:BA6EDE9C490559171681379920A95F4C BaseClass: NativeClass:/Script/Engine.StaticMeshActor Name:StaticMeshActor_UAID_3C7C3FF43385936302_1195017924 Label:SM_Cube9 SpatiallyLoaded:1 Bounds:IsValid=true, Min=(X=1155.000 Y=2275.000 Z=5.000), Max=(X=1905.000 Y=2575.000 Z=230.000) RuntimeGrid:None EditorOnly:0 RuntimeOnly:0 HLODRelevant:1 ListedInSceneOutliner:1 IsMainWorldOnly:0 FolderPath:Playground FolderGuid:C73F09FC4215536B1DCE2A9E0A830C70
 |   |   |- Guid:BAC5F693490BFE99070A02B284C8F595 BaseClass: NativeClass:/Script/Engine.StaticMeshActor Name:StaticMeshActor_1 Label:SM_Cube SpatiallyLoaded:1 Bounds:IsValid=true, Min=(X=0.000 Y=0.000 Z=-10.000), Max=(X=750.000 Y=1250.000 Z=65.000) RuntimeGrid:None EditorOnly:0 RuntimeOnly:0 HLODRelevant:1 ListedInSceneOutliner:1 IsMainWorldOnly:0 FolderPath:Playground FolderGuid:C73F09FC4215536B1DCE2A9E0A830C70
 |   |   |- Guid:BC4F340F48E842676B50E08471BA1B15 BaseClass: NativeClass:/Script/Engine.TextRenderActor Name:TextRenderActor_UAID_3C7C3FF43385CD6302_2026344131 Label:TextRenderActor5 SpatiallyLoaded:1 Bounds:IsValid=true, Min=(X=110.900 Y=773.385 Z=169.013), Max=(X=110.900 Y=1108.000 Z=219.013) RuntimeGrid:None EditorOnly:0 RuntimeOnly:0 HLODRelevant:0 ListedInSceneOutliner:1 IsMainWorldOnly:0
 |   |   |- Guid:C55832F44297E151F007EBBDE1AA7AFE BaseClass: NativeClass:/Script/Engine.TextRenderActor Name:TextRenderActor_UAID_3C7C3FF43385926302_2009781741 Label:TextRenderActor2 SpatiallyLoaded:1 Bounds:IsValid=true, Min=(X=649.900 Y=122.000 Z=121.513), Max=(X=649.900 Y=752.000 Z=166.513) RuntimeGrid:None EditorOnly:0 RuntimeOnly:0 HLODRelevant:0 ListedInSceneOutliner:1 IsMainWorldOnly:0
 |   |   |- Guid:D5100ED54C6C1045FEE9D18973FEE65A BaseClass: NativeClass:/Script/GeometryCollectionEngine.GeometryCollectionActor Name:GeometryCollectionActor_UAID_3C7C3FF43385CD6302_1910292125 Label:GC_wooden_box2 SpatiallyLoaded:1 Bounds:IsValid=true, Min=(X=-437.004 Y=2092.996 Z=62.996), Max=(X=-330.996 Y=2199.004 Z=169.004) RuntimeGrid:None EditorOnly:0 RuntimeOnly:0 HLODRelevant:0 ListedInSceneOutliner:1 IsMainWorldOnly:0
 |   |   |- Guid:DA0BF6244B2AA05FAE3873B6DEEB8A81 BaseClass: NativeClass:/Script/Engine.DirectionalLight Name:DirectionalLight_0 Label:DirectionalLight SpatiallyLoaded:0 Bounds:Invalid RuntimeGrid:None EditorOnly:0 RuntimeOnly:0 HLODRelevant:0 ListedInSceneOutliner:1 IsMainWorldOnly:0 FolderPath:Lighting FolderGuid:963EC3EB4002CCE9759E2EBA541A873A
 |   |   |- Guid:DDDC8A1748A8A349504AC8A5F2E69AEA BaseClass: NativeClass:/Script/Engine.SkyLight Name:SkyLight_1 Label:SkyLight SpatiallyLoaded:0 Bounds:IsValid=true, Min=(X=0.000 Y=0.000 Z=690.000), Max=(X=0.000 Y=0.000 Z=690.000) RuntimeGrid:None EditorOnly:0 RuntimeOnly:0 HLODRelevant:0 ListedInSceneOutliner:1 IsMainWorldOnly:0 FolderPath:Lighting FolderGuid:963EC3EB4002CCE9759E2EBA541A873A
 |   |   |- Guid:E1EE2B6C405C38851C6166860F752019 BaseClass: NativeClass:/Script/GeometryCollectionEngine.GeometryCollectionActor Name:GeometryCollectionActor_UAID_3C7C3FF43385CD6302_1914142127 Label:GC_wooden_box4 SpatiallyLoaded:1 Bounds:IsValid=true, Min=(X=-437.004 Y=1876.996 Z=62.996), Max=(X=-330.996 Y=1983.004 Z=169.004) RuntimeGrid:None EditorOnly:0 RuntimeOnly:0 HLODRelevant:0 ListedInSceneOutliner:1 IsMainWorldOnly:0
 |   |   |- Guid:E9DA3C3C41C88652D73BF2BE136FC374 BaseClass: NativeClass:/Script/NavigationSystem.NavMeshBoundsVolume Name:NavMeshBoundsVolume_UAID_3C7C3FF43385C04A02_1771241432 Label:NavMeshBoundsVolume SpatiallyLoaded:0 Bounds:IsValid=true, Min=(X=-500.000 Y=-250.000 Z=-617.000), Max=(X=3500.000 Y=3750.000 Z=383.000) RuntimeGrid:None EditorOnly:0 RuntimeOnly:0 HLODRelevant:0 ListedInSceneOutliner:1 IsMainWorldOnly:0
 |   |   |- Guid:ED344C3C4F24B98451E5EEA731B55B90 BaseClass: NativeClass:/Script/Engine.SkyAtmosphere Name:SkyAtmosphere_0 Label:SkyAtmosphere SpatiallyLoaded:0 Bounds:IsValid=true, Min=(X=0.000 Y=0.000 Z=1020.000), Max=(X=0.000 Y=0.000 Z=1020.000) RuntimeGrid:None EditorOnly:0 RuntimeOnly:0 HLODRelevant:0 ListedInSceneOutliner:1 IsMainWorldOnly:0 FolderPath:Lighting FolderGuid:963EC3EB4002CCE9759E2EBA541A873A
 |   |   |- Guid:EEA965B74D96C9F7930627A7373E5B22 BaseClass: NativeClass:/Script/Engine.StaticMeshActor Name:StaticMeshActor_UAID_A4AE111137DC5EFB00_1110535423 Label:SM_SkySphere SpatiallyLoaded:0 Bounds:IsValid=true, Min=(X=-1638400.000 Y=-1638400.000 Z=-1638400.000), Max=(X=1638400.000 Y=1638400.000 Z=1638400.000) RuntimeGrid:None EditorOnly:0 RuntimeOnly:0 HLODRelevant:0 ListedInSceneOutliner:1 IsMainWorldOnly:0 FolderPath:Lighting FolderGuid:963EC3EB4002CCE9759E2EBA541A873A
 |   |   |- Guid:F3BC3F2F49481B07202723B5315AE220 BaseClass: NativeClass:/Script/Engine.StaticMeshActor Name:StaticMeshActor_UAID_3C7C3FF43385936302_1148376923 Label:SM_Cube8 SpatiallyLoaded:1 Bounds:IsValid=true, Min=(X=1186.000 Y=1253.000 Z=85.000), Max=(X=1911.000 Y=1478.000 Z=235.000) RuntimeGrid:None EditorOnly:0 RuntimeOnly:0 HLODRelevant:1 ListedInSceneOutliner:1 IsMainWorldOnly:0 FolderPath:Playground FolderGuid:C73F09FC4215536B1DCE2A9E0A830C70
 |   |   |- Guid:F6D595E44082C8653C973F92A737BFA4 BaseClass: NativeClass:/Script/Engine.StaticMeshActor Name:StaticMeshActor_UAID_3C7C3FF43385CD6302_1862438122 Label:SM_Cube12 SpatiallyLoaded:1 Bounds:IsValid=true, Min=(X=-443.000 Y=1248.000 Z=64.000), Max=(X=-343.000 Y=1773.000 Z=489.000) RuntimeGrid:None EditorOnly:0 RuntimeOnly:0 HLODRelevant:1 ListedInSceneOutliner:1 IsMainWorldOnly:0 FolderPath:Playground FolderGuid:C73F09FC4215536B1DCE2A9E0A830C70
 |   |   |- Guid:FA3209DF4AFA94B03A14D09E4B656722 BaseClass: NativeClass:/Script/GeometryCollectionEngine.GeometryCollectionActor Name:GeometryCollectionActor_UAID_3C7C3FF43385CD6302_1941123130 Label:GC_wooden_box7 SpatiallyLoaded:1 Bounds:IsValid=true, Min=(X=-437.004 Y=1876.996 Z=175.996), Max=(X=-330.996 Y=1983.004 Z=282.004) RuntimeGrid:None EditorOnly:0 RuntimeOnly:0 HLODRelevant:0 ListedInSceneOutliner:1 IsMainWorldOnly:0
 |   |   |- Guid:FC7A14AA4AE386828FF565ADC6AC5071 BaseClass: NativeClass:/Script/Engine.StaticMeshActor Name:StaticMeshActor_UAID_3C7C3FF43385936302_1128229922 Label:SM_Cube7 SpatiallyLoaded:1 Bounds:IsValid=true, Min=(X=1905.000 Y=1253.000 Z=80.000), Max=(X=2355.000 Y=2578.000 Z=230.000) RuntimeGrid:None EditorOnly:0 RuntimeOnly:0 HLODRelevant:1 ListedInSceneOutliner:1 IsMainWorldOnly:0 FolderPath:Playground FolderGuid:C73F09FC4215536B1DCE2A9E0A830C70
 |   |- [+] Clusters:
 |   |   |- [+] [  0]
 |   |   |   |- Guid:0F6FD8D948B67FADA3AA3680CD814332 BaseClass: NativeClass:/Script/Engine.ExponentialHeightFog Name:ExponentialHeightFog_0 Label:ExponentialHeightFog SpatiallyLoaded:0 Bounds:IsValid=true, Min=(X=-5600.000 Y=-50.000 Z=-6850.000), Max=(X=-5600.000 Y=-50.000 Z=-6850.000) RuntimeGrid:None EditorOnly:0 RuntimeOnly:0 HLODRelevant:0 ListedInSceneOutliner:1 IsMainWorldOnly:0 FolderPath:Lighting FolderGuid:963EC3EB4002CCE9759E2EBA541A873A
 |   |   |- [+] [  1]
 |   |   |   |- Guid:12198F1B42D54E2ACB7CFBBAEAA3C56C BaseClass: NativeClass:/Script/NavigationSystem.RecastNavMesh Name:RecastNavMesh_UAID_3C7C3FF43385C04A02-Default Label:RecastNavMesh-Default SpatiallyLoaded:0 Bounds:IsValid=true, Min=(X=0.000 Y=0.000 Z=0.000), Max=(X=0.000 Y=0.000 Z=0.000) RuntimeGrid:None EditorOnly:0 RuntimeOnly:0 HLODRelevant:0 ListedInSceneOutliner:1 IsMainWorldOnly:0
 |   |   |- [+] [  2]
 |   |   |   |- Guid:1C3C380941FAC57B4C3171B64E1B823B BaseClass: NativeClass:/Script/GeometryCollectionEngine.GeometryCollectionActor Name:GeometryCollectionActor_UAID_3C7C3FF43385CD6302_1901496124 Label:GC_wooden_box SpatiallyLoaded:1 Bounds:IsValid=true, Min=(X=-437.004 Y=2199.996 Z=62.996), Max=(X=-330.996 Y=2306.004 Z=169.004) RuntimeGrid:None EditorOnly:0 RuntimeOnly:0 HLODRelevant:0 ListedInSceneOutliner:1 IsMainWorldOnly:0
 |   |   |- [+] [  3]
 |   |   |   |- Guid:21ECE6AA4C2A2B9C830811BE6A5CC44C BaseClass: NativeClass:/Script/GeometryCollectionEngine.GeometryCollectionActor Name:GeometryCollectionActor_UAID_3C7C3FF43385CD6302_1916256128 Label:GC_wooden_box5 SpatiallyLoaded:1 Bounds:IsValid=true, Min=(X=-437.004 Y=1768.996 Z=62.996), Max=(X=-330.996 Y=1875.004 Z=169.004) RuntimeGrid:None EditorOnly:0 RuntimeOnly:0 HLODRelevant:0 ListedInSceneOutliner:1 IsMainWorldOnly:0
 |   |   |- [+] [  4]
 |   |   |   |- Guid:30D83BB140AD4C1F174756A1ADF0B2F3 BaseClass: NativeClass:/Script/Engine.StaticMeshActor Name:StaticMeshActor_UAID_3C7C3FF43385CD6302_1867227123 Label:SM_Cube13 SpatiallyLoaded:1 Bounds:IsValid=true, Min=(X=-443.000 Y=2315.000 Z=64.000), Max=(X=-343.000 Y=2940.000 Z=489.000) RuntimeGrid:None EditorOnly:0 RuntimeOnly:0 HLODRelevant:1 ListedInSceneOutliner:1 IsMainWorldOnly:0 FolderPath:Playground FolderGuid:C73F09FC4215536B1DCE2A9E0A830C70
 |   |   |- [+] [  5]
 |   |   |   |- Guid:3539421F42BB0A876E2A4AB4DD1E6D40 BaseClass: NativeClass:/Script/Engine.VolumetricCloud Name:VolumetricCloud_0 Label:VolumetricCloud SpatiallyLoaded:0 Bounds:IsValid=true, Min=(X=0.000 Y=0.000 Z=820.000), Max=(X=0.000 Y=0.000 Z=820.000) RuntimeGrid:None EditorOnly:0 RuntimeOnly:0 HLODRelevant:0 ListedInSceneOutliner:1 IsMainWorldOnly:0 FolderPath:Lighting FolderGuid:963EC3EB4002CCE9759E2EBA541A873A
 |   |   |- [+] [  6]
 |   |   |   |- Guid:49B062D0431D4D80A41647839C04C469 BaseClass: NativeClass:/Script/GeometryCollectionEngine.GeometryCollectionActor Name:GeometryCollectionActor_UAID_3C7C3FF43385CD6302_1941120129 Label:GC_wooden_box6 SpatiallyLoaded:1 Bounds:IsValid=true, Min=(X=-437.004 Y=2092.996 Z=175.996), Max=(X=-330.996 Y=2199.004 Z=282.004) RuntimeGrid:None EditorOnly:0 RuntimeOnly:0 HLODRelevant:0 ListedInSceneOutliner:1 IsMainWorldOnly:0
 |   |   |- [+] [  7]
 |   |   |   |- Guid:60AC1DA048FF833EE16A719A5378D0E7 BaseClass: NativeClass:/Script/Engine.PostProcessVolume Name:PostProcessVolume_0 Label:PostProcessVolume SpatiallyLoaded:0 Bounds:IsValid=true, Min=(X=0.000 Y=0.000 Z=400.000), Max=(X=200.000 Y=200.000 Z=600.000) RuntimeGrid:None EditorOnly:0 RuntimeOnly:0 HLODRelevant:0 ListedInSceneOutliner:1 IsMainWorldOnly:0 FolderPath:Lighting FolderGuid:963EC3EB4002CCE9759E2EBA541A873A
 |   |   |- [+] [  8]
 |   |   |   |- Guid:86F4491F45399FD2443F65A553D089F8 BaseClass: NativeClass:/Script/GeometryCollectionEngine.GeometryCollectionActor Name:GeometryCollectionActor_UAID_3C7C3FF43385CD6302_1912149126 Label:GC_wooden_box3 SpatiallyLoaded:1 Bounds:IsValid=true, Min=(X=-437.004 Y=1984.996 Z=62.996), Max=(X=-330.996 Y=2091.004 Z=169.004) RuntimeGrid:None EditorOnly:0 RuntimeOnly:0 HLODRelevant:0 ListedInSceneOutliner:1 IsMainWorldOnly:0
 |   |   |- [+] [  9]
 |   |   |   |- Guid:87C58B8746435471EE3CA09673E1439C BaseClass: NativeClass:/Script/Engine.StaticMeshActor Name:StaticMeshActor_UAID_3C7C3FF43385926302_1940514738 Label:SM_Cube4 SpatiallyLoaded:1 Bounds:IsValid=true, Min=(X=78.000 Y=0.000 Z=64.000), Max=(X=678.000 Y=100.000 Z=489.000) RuntimeGrid:None EditorOnly:0 RuntimeOnly:0 HLODRelevant:1 ListedInSceneOutliner:1 IsMainWorldOnly:0 FolderPath:Playground FolderGuid:C73F09FC4215536B1DCE2A9E0A830C70
 |   |   |- [+] [ 10]
 |   |   |   |- Guid:8F293B834BBE8A1FE3D3B4B6326CC70A BaseClass: NativeClass:/Script/Engine.StaticMeshActor Name:StaticMeshActor_UAID_3C7C3FF43385926302_1937035737 Label:SM_Cube3 SpatiallyLoaded:1 Bounds:IsValid=true, Min=(X=653.000 Y=0.000 Z=64.000), Max=(X=753.000 Y=1250.000 Z=489.000) RuntimeGrid:None EditorOnly:0 RuntimeOnly:0 HLODRelevant:1 ListedInSceneOutliner:1 IsMainWorldOnly:0 FolderPath:Playground FolderGuid:C73F09FC4215536B1DCE2A9E0A830C70
 |   |   |- [+] [ 11]
 |   |   |   |- Guid:8F7D3DCD4BA09C457C4E9EA88C82C7D5 BaseClass: NativeClass:/Script/Engine.StaticMeshActor Name:StaticMeshActor_UAID_3C7C3FF43385926302_2093145743 Label:SM_Cube5 SpatiallyLoaded:1 Bounds:IsValid=true, Min=(X=-443.000 Y=1244.000 Z=-10.000), Max=(X=1157.000 Y=2944.000 Z=65.000) RuntimeGrid:None EditorOnly:0 RuntimeOnly:0 HLODRelevant:1 ListedInSceneOutliner:1 IsMainWorldOnly:0 FolderPath:Playground FolderGuid:C73F09FC4215536B1DCE2A9E0A830C70
 |   |   |- [+] [ 12]
 |   |   |   |- Guid:948DA9454595289D154C9C9955622453 BaseClass: NativeClass:/Script/Engine.StaticMeshActor Name:StaticMeshActor_UAID_3C7C3FF43385926302_1928536736 Label:SM_Cube2 SpatiallyLoaded:1 Bounds:IsValid=true, Min=(X=0.000 Y=0.000 Z=64.000), Max=(X=100.000 Y=1250.000 Z=489.000) RuntimeGrid:None EditorOnly:0 RuntimeOnly:0 HLODRelevant:1 ListedInSceneOutliner:1 IsMainWorldOnly:0 FolderPath:Playground FolderGuid:C73F09FC4215536B1DCE2A9E0A830C70
 |   |   |- [+] [ 13]
 |   |   |   |- Guid:9D2FB7D144B94833FD76658F59B5244C BaseClass: NativeClass:/Script/Engine.TextRenderActor Name:TextRenderActor_UAID_3C7C3FF43385926302_2009780740 Label:TextRenderActor4 SpatiallyLoaded:1 Bounds:IsValid=true, Min=(X=106.900 Y=95.538 Z=281.013), Max=(X=106.900 Y=734.000 Z=321.013) RuntimeGrid:None EditorOnly:0 RuntimeOnly:0 HLODRelevant:0 ListedInSceneOutliner:1 IsMainWorldOnly:0
 |   |   |- [+] [ 14]
 |   |   |   |- Guid:9DC61999482E2E78FDA724ACE5580351 BaseClass:/Game/Blueprints/AI/BP_Enemy.BP_Enemy_C NativeClass:/Script/Engine.Character Name:BP_Enemy_C_UAID_3C7C3FF43385936302_1245346926 Label:BP_Enemy2 SpatiallyLoaded:1 Bounds:IsValid=true, Min=(X=997.000 Y=2310.992 Z=167.000), Max=(X=1403.139 Y=2479.000 Z=439.000) RuntimeGrid:None EditorOnly:0 RuntimeOnly:0 HLODRelevant:0 ListedInSceneOutliner:1 IsMainWorldOnly:0
 |   |   |- [+] [ 15]
 |   |   |   |- Guid:9E6385FD4706F4C4DDFB61B86A2C6099 BaseClass: NativeClass:/Script/Engine.StaticMeshActor Name:StaticMeshActor_UAID_3C7C3FF43385CD6302_1842690121 Label:SM_Cube11 SpatiallyLoaded:1 Bounds:IsValid=true, Min=(X=-443.000 Y=1151.000 Z=64.000), Max=(X=32.000 Y=1251.000 Z=489.000) RuntimeGrid:None EditorOnly:0 RuntimeOnly:0 HLODRelevant:1 ListedInSceneOutliner:1 IsMainWorldOnly:0 FolderPath:Playground FolderGuid:C73F09FC4215536B1DCE2A9E0A830C70
 |   |   |- [+] [ 16]
 |   |   |   |- Guid:A14F52A34E61ECA44C8AE8AF8B7466B4 BaseClass: NativeClass:/Script/Engine.TextRenderActor Name:TextRenderActor_UAID_3C7C3FF43385926302_2009782742 Label:TextRenderActor3 SpatiallyLoaded:1 Bounds:IsValid=true, Min=(X=110.900 Y=181.462 Z=169.013), Max=(X=110.900 Y=668.000 Z=219.013) RuntimeGrid:None EditorOnly:0 RuntimeOnly:0 HLODRelevant:0 ListedInSceneOutliner:1 IsMainWorldOnly:0
 |   |   |- [+] [ 17]
 |   |   |   |- Guid:A55D310E4F49B5E06767CA999AA9CA88 BaseClass:/Game/Blueprints/AI/BP_Enemy.BP_Enemy_C NativeClass:/Script/Engine.Character Name:BP_Enemy_C_UAID_3C7C3FF43385926302_1768600735 Label:BP_Enemy SpatiallyLoaded:1 Bounds:IsValid=true, Min=(X=322.861 Y=2036.000 Z=22.000), Max=(X=729.000 Y=2204.008 Z=294.000) RuntimeGrid:None EditorOnly:0 RuntimeOnly:0 HLODRelevant:0 ListedInSceneOutliner:1 IsMainWorldOnly:0
 |   |   |- [+] [ 18]
 |   |   |   |- Guid:A64570E041EA4D7E1CF1EC91F679EB81 BaseClass: NativeClass:/Script/Engine.StaticMeshActor Name:StaticMeshActor_UAID_3C7C3FF43385926302_2144881744 Label:SM_Cube6 SpatiallyLoaded:1 Bounds:IsValid=true, Min=(X=665.000 Y=1244.000 Z=-102.954), Max=(X=1256.626 Y=1469.000 Z=234.662) RuntimeGrid:None EditorOnly:0 RuntimeOnly:0 HLODRelevant:1 ListedInSceneOutliner:1 IsMainWorldOnly:0 FolderPath:Playground FolderGuid:C73F09FC4215536B1DCE2A9E0A830C70
 |   |   |- [+] [ 19]
 |   |   |   |- Guid:A82444554E6987A93A746887CB2214EA BaseClass: NativeClass:/Script/Engine.WorldDataLayers Name:WorldDataLayers Label:WorldDataLayers SpatiallyLoaded:0 Bounds:Invalid RuntimeGrid:None EditorOnly:0 RuntimeOnly:0 HLODRelevant:0 ListedInSceneOutliner:1 IsMainWorldOnly:1
 |   |   |- [+] [ 20]
 |   |   |   |- Guid:A922C4B44A2CD407D36C7389257FE9B7 BaseClass: NativeClass:/Script/Engine.PlayerStart Name:PlayerStart_0 Label:PlayerStart SpatiallyLoaded:0 Bounds:IsValid=true, Min=(X=307.000 Y=168.000 Z=70.013), Max=(X=387.000 Y=248.000 Z=254.013) RuntimeGrid:None EditorOnly:0 RuntimeOnly:0 HLODRelevant:0 ListedInSceneOutliner:1 IsMainWorldOnly:0
 |   |   |- [+] [ 21]
 |   |   |   |- Guid:B4C28938480DBB9BB8E35BA7F95B4A12 BaseClass: NativeClass:/Script/Engine.TextRenderActor Name:TextRenderActor_UAID_3C7C3FF43385926302_2009777739 Label:TextRenderActor SpatiallyLoaded:1 Bounds:IsValid=true, Min=(X=648.900 Y=200.000 Z=274.013), Max=(X=648.900 Y=673.077 Z=324.013) RuntimeGrid:None EditorOnly:0 RuntimeOnly:0 HLODRelevant:0 ListedInSceneOutliner:1 IsMainWorldOnly:0
 |   |   |- [+] [ 22]
 |   |   |   |- Guid:B6DD0D36465B7263EA0B898FB0F77F9D BaseClass: NativeClass:/Script/Engine.StaticMeshActor Name:StaticMeshActor_UAID_3C7C3FF43385936302_1209651925 Label:SM_Cube10 SpatiallyLoaded:1 Bounds:IsValid=true, Min=(X=1155.000 Y=1478.000 Z=-461.000), Max=(X=1905.000 Y=2278.000 Z=714.000) RuntimeGrid:None EditorOnly:0 RuntimeOnly:0 HLODRelevant:1 ListedInSceneOutliner:1 IsMainWorldOnly:0 FolderPath:Playground FolderGuid:C73F09FC4215536B1DCE2A9E0A830C70
 |   |   |- [+] [ 23]
 |   |   |   |- Guid:BA6EDE9C490559171681379920A95F4C BaseClass: NativeClass:/Script/Engine.StaticMeshActor Name:StaticMeshActor_UAID_3C7C3FF43385936302_1195017924 Label:SM_Cube9 SpatiallyLoaded:1 Bounds:IsValid=true, Min=(X=1155.000 Y=2275.000 Z=5.000), Max=(X=1905.000 Y=2575.000 Z=230.000) RuntimeGrid:None EditorOnly:0 RuntimeOnly:0 HLODRelevant:1 ListedInSceneOutliner:1 IsMainWorldOnly:0 FolderPath:Playground FolderGuid:C73F09FC4215536B1DCE2A9E0A830C70
 |   |   |- [+] [ 24]
 |   |   |   |- Guid:BAC5F693490BFE99070A02B284C8F595 BaseClass: NativeClass:/Script/Engine.StaticMeshActor Name:StaticMeshActor_1 Label:SM_Cube SpatiallyLoaded:1 Bounds:IsValid=true, Min=(X=0.000 Y=0.000 Z=-10.000), Max=(X=750.000 Y=1250.000 Z=65.000) RuntimeGrid:None EditorOnly:0 RuntimeOnly:0 HLODRelevant:1 ListedInSceneOutliner:1 IsMainWorldOnly:0 FolderPath:Playground FolderGuid:C73F09FC4215536B1DCE2A9E0A830C70
 |   |   |- [+] [ 25]
 |   |   |   |- Guid:BC4F340F48E842676B50E08471BA1B15 BaseClass: NativeClass:/Script/Engine.TextRenderActor Name:TextRenderActor_UAID_3C7C3FF43385CD6302_2026344131 Label:TextRenderActor5 SpatiallyLoaded:1 Bounds:IsValid=true, Min=(X=110.900 Y=773.385 Z=169.013), Max=(X=110.900 Y=1108.000 Z=219.013) RuntimeGrid:None EditorOnly:0 RuntimeOnly:0 HLODRelevant:0 ListedInSceneOutliner:1 IsMainWorldOnly:0
 |   |   |- [+] [ 26]
 |   |   |   |- Guid:C55832F44297E151F007EBBDE1AA7AFE BaseClass: NativeClass:/Script/Engine.TextRenderActor Name:TextRenderActor_UAID_3C7C3FF43385926302_2009781741 Label:TextRenderActor2 SpatiallyLoaded:1 Bounds:IsValid=true, Min=(X=649.900 Y=122.000 Z=121.513), Max=(X=649.900 Y=752.000 Z=166.513) RuntimeGrid:None EditorOnly:0 RuntimeOnly:0 HLODRelevant:0 ListedInSceneOutliner:1 IsMainWorldOnly:0
 |   |   |- [+] [ 27]
 |   |   |   |- Guid:D5100ED54C6C1045FEE9D18973FEE65A BaseClass: NativeClass:/Script/GeometryCollectionEngine.GeometryCollectionActor Name:GeometryCollectionActor_UAID_3C7C3FF43385CD6302_1910292125 Label:GC_wooden_box2 SpatiallyLoaded:1 Bounds:IsValid=true, Min=(X=-437.004 Y=2092.996 Z=62.996), Max=(X=-330.996 Y=2199.004 Z=169.004) RuntimeGrid:None EditorOnly:0 RuntimeOnly:0 HLODRelevant:0 ListedInSceneOutliner:1 IsMainWorldOnly:0
 |   |   |- [+] [ 28]
 |   |   |   |- Guid:DA0BF6244B2AA05FAE3873B6DEEB8A81 BaseClass: NativeClass:/Script/Engine.DirectionalLight Name:DirectionalLight_0 Label:DirectionalLight SpatiallyLoaded:0 Bounds:Invalid RuntimeGrid:None EditorOnly:0 RuntimeOnly:0 HLODRelevant:0 ListedInSceneOutliner:1 IsMainWorldOnly:0 FolderPath:Lighting FolderGuid:963EC3EB4002CCE9759E2EBA541A873A
 |   |   |- [+] [ 29]
 |   |   |   |- Guid:DDDC8A1748A8A349504AC8A5F2E69AEA BaseClass: NativeClass:/Script/Engine.SkyLight Name:SkyLight_1 Label:SkyLight SpatiallyLoaded:0 Bounds:IsValid=true, Min=(X=0.000 Y=0.000 Z=690.000), Max=(X=0.000 Y=0.000 Z=690.000) RuntimeGrid:None EditorOnly:0 RuntimeOnly:0 HLODRelevant:0 ListedInSceneOutliner:1 IsMainWorldOnly:0 FolderPath:Lighting FolderGuid:963EC3EB4002CCE9759E2EBA541A873A
 |   |   |- [+] [ 30]
 |   |   |   |- Guid:E1EE2B6C405C38851C6166860F752019 BaseClass: NativeClass:/Script/GeometryCollectionEngine.GeometryCollectionActor Name:GeometryCollectionActor_UAID_3C7C3FF43385CD6302_1914142127 Label:GC_wooden_box4 SpatiallyLoaded:1 Bounds:IsValid=true, Min=(X=-437.004 Y=1876.996 Z=62.996), Max=(X=-330.996 Y=1983.004 Z=169.004) RuntimeGrid:None EditorOnly:0 RuntimeOnly:0 HLODRelevant:0 ListedInSceneOutliner:1 IsMainWorldOnly:0
 |   |   |- [+] [ 31]
 |   |   |   |- Guid:E9DA3C3C41C88652D73BF2BE136FC374 BaseClass: NativeClass:/Script/NavigationSystem.NavMeshBoundsVolume Name:NavMeshBoundsVolume_UAID_3C7C3FF43385C04A02_1771241432 Label:NavMeshBoundsVolume SpatiallyLoaded:0 Bounds:IsValid=true, Min=(X=-500.000 Y=-250.000 Z=-617.000), Max=(X=3500.000 Y=3750.000 Z=383.000) RuntimeGrid:None EditorOnly:0 RuntimeOnly:0 HLODRelevant:0 ListedInSceneOutliner:1 IsMainWorldOnly:0
 |   |   |- [+] [ 32]
 |   |   |   |- Guid:ED344C3C4F24B98451E5EEA731B55B90 BaseClass: NativeClass:/Script/Engine.SkyAtmosphere Name:SkyAtmosphere_0 Label:SkyAtmosphere SpatiallyLoaded:0 Bounds:IsValid=true, Min=(X=0.000 Y=0.000 Z=1020.000), Max=(X=0.000 Y=0.000 Z=1020.000) RuntimeGrid:None EditorOnly:0 RuntimeOnly:0 HLODRelevant:0 ListedInSceneOutliner:1 IsMainWorldOnly:0 FolderPath:Lighting FolderGuid:963EC3EB4002CCE9759E2EBA541A873A
 |   |   |- [+] [ 33]
 |   |   |   |- Guid:EEA965B74D96C9F7930627A7373E5B22 BaseClass: NativeClass:/Script/Engine.StaticMeshActor Name:StaticMeshActor_UAID_A4AE111137DC5EFB00_1110535423 Label:SM_SkySphere SpatiallyLoaded:0 Bounds:IsValid=true, Min=(X=-1638400.000 Y=-1638400.000 Z=-1638400.000), Max=(X=1638400.000 Y=1638400.000 Z=1638400.000) RuntimeGrid:None EditorOnly:0 RuntimeOnly:0 HLODRelevant:0 ListedInSceneOutliner:1 IsMainWorldOnly:0 FolderPath:Lighting FolderGuid:963EC3EB4002CCE9759E2EBA541A873A
 |   |   |- [+] [ 34]
 |   |   |   |- Guid:F3BC3F2F49481B07202723B5315AE220 BaseClass: NativeClass:/Script/Engine.StaticMeshActor Name:StaticMeshActor_UAID_3C7C3FF43385936302_1148376923 Label:SM_Cube8 SpatiallyLoaded:1 Bounds:IsValid=true, Min=(X=1186.000 Y=1253.000 Z=85.000), Max=(X=1911.000 Y=1478.000 Z=235.000) RuntimeGrid:None EditorOnly:0 RuntimeOnly:0 HLODRelevant:1 ListedInSceneOutliner:1 IsMainWorldOnly:0 FolderPath:Playground FolderGuid:C73F09FC4215536B1DCE2A9E0A830C70
 |   |   |- [+] [ 35]
 |   |   |   |- Guid:F6D595E44082C8653C973F92A737BFA4 BaseClass: NativeClass:/Script/Engine.StaticMeshActor Name:StaticMeshActor_UAID_3C7C3FF43385CD6302_1862438122 Label:SM_Cube12 SpatiallyLoaded:1 Bounds:IsValid=true, Min=(X=-443.000 Y=1248.000 Z=64.000), Max=(X=-343.000 Y=1773.000 Z=489.000) RuntimeGrid:None EditorOnly:0 RuntimeOnly:0 HLODRelevant:1 ListedInSceneOutliner:1 IsMainWorldOnly:0 FolderPath:Playground FolderGuid:C73F09FC4215536B1DCE2A9E0A830C70
 |   |   |- [+] [ 36]
 |   |   |   |- Guid:FA3209DF4AFA94B03A14D09E4B656722 BaseClass: NativeClass:/Script/GeometryCollectionEngine.GeometryCollectionActor Name:GeometryCollectionActor_UAID_3C7C3FF43385CD6302_1941123130 Label:GC_wooden_box7 SpatiallyLoaded:1 Bounds:IsValid=true, Min=(X=-437.004 Y=1876.996 Z=175.996), Max=(X=-330.996 Y=1983.004 Z=282.004) RuntimeGrid:None EditorOnly:0 RuntimeOnly:0 HLODRelevant:0 ListedInSceneOutliner:1 IsMainWorldOnly:0
 |   |   |- [+] [ 37]
 |   |   |   |- Guid:FC7A14AA4AE386828FF565ADC6AC5071 BaseClass: NativeClass:/Script/Engine.StaticMeshActor Name:StaticMeshActor_UAID_3C7C3FF43385936302_1128229922 Label:SM_Cube7 SpatiallyLoaded:1 Bounds:IsValid=true, Min=(X=1905.000 Y=1253.000 Z=80.000), Max=(X=2355.000 Y=2578.000 Z=230.000) RuntimeGrid:None EditorOnly:0 RuntimeOnly:0 HLODRelevant:1 ListedInSceneOutliner:1 IsMainWorldOnly:0 FolderPath:Playground FolderGuid:C73F09FC4215536B1DCE2A9E0A830C70
 |- ContainerInstances:
 |- [+] MainContainer:
 |   |-        ID: 00000000000000000000000000000000
 |   |-  ParentID: 00000000000000000000000000000000
 |   |-    Bounds: IsValid=false, Min=(X=0.000 Y=0.000 Z=0.000), Max=(X=0.000 Y=0.000 Z=0.000)
 |   |- Transform: 0.000000,0.000000,0.000000|0.000000,0.000000,-0.000000|1.000000,1.000000,1.000000
 |   |- Container: /Game/ThirdPerson/Maps/GreyBox
----------------------------------------------------------------------------------------------------------------
GreyBox - Persistent Level
----------------------------------------------------------------------------------------------------------------
[+] Content of GreyBox Persistent Level
 |- Always loaded Actor Count: 38 
 |- Actor Path: /Game/ThirdPerson/Maps/GreyBox.GreyBox:PersistentLevel.BP_Enemy_C_UAID_3C7C3FF43385926302_1768600735
 |- Actor Package: /Game/__ExternalActors__/ThirdPerson/Maps/GreyBox/C/KI/XROCZ1Z8JITF0BV9H29PBS
 |- Actor Path: /Game/ThirdPerson/Maps/GreyBox.GreyBox:PersistentLevel.BP_Enemy_C_UAID_3C7C3FF43385936302_1245346926
 |- Actor Package: /Game/__ExternalActors__/ThirdPerson/Maps/GreyBox/E/X5/VEGCJ37H1VL8TCK8R5EDY6
 |- Actor Path: /Game/ThirdPerson/Maps/GreyBox.GreyBox:PersistentLevel.DirectionalLight_0
 |- Actor Package: /Game/__ExternalActors__/ThirdPerson/Maps/GreyBox/3/VE/4DOAH8YGC53V4MTK92I8RF
 |- Actor Path: /Game/ThirdPerson/Maps/GreyBox.GreyBox:PersistentLevel.ExponentialHeightFog_0
 |- Actor Package: /Game/__ExternalActors__/ThirdPerson/Maps/GreyBox/C/J2/O6H83R7E40KEAUA7DUJ50A
 |- Actor Path: /Game/ThirdPerson/Maps/GreyBox.GreyBox:PersistentLevel.GeometryCollectionActor_UAID_3C7C3FF43385CD6302_1901496124
 |- Actor Package: /Game/__ExternalActors__/ThirdPerson/Maps/GreyBox/3/57/4JMOTB13X3RA7DTZVZ9PMS
 |- Actor Path: /Game/ThirdPerson/Maps/GreyBox.GreyBox:PersistentLevel.GeometryCollectionActor_UAID_3C7C3FF43385CD6302_1910292125
 |- Actor Package: /Game/__ExternalActors__/ThirdPerson/Maps/GreyBox/B/2T/OLZB0XKT46AJAIQDYANUUO
 |- Actor Path: /Game/ThirdPerson/Maps/GreyBox.GreyBox:PersistentLevel.GeometryCollectionActor_UAID_3C7C3FF43385CD6302_1912149126
 |- Actor Package: /Game/__ExternalActors__/ThirdPerson/Maps/GreyBox/C/Y5/7RQX2AE801JA8TV15MFJ5Z
 |- Actor Path: /Game/ThirdPerson/Maps/GreyBox.GreyBox:PersistentLevel.GeometryCollectionActor_UAID_3C7C3FF43385CD6302_1914142127
 |- Actor Package: /Game/__ExternalActors__/ThirdPerson/Maps/GreyBox/F/3H/GYNIMQEWMZN1F0CTCQO7GH
 |- Actor Path: /Game/ThirdPerson/Maps/GreyBox.GreyBox:PersistentLevel.GeometryCollectionActor_UAID_3C7C3FF43385CD6302_1916256128
 |- Actor Package: /Game/__ExternalActors__/ThirdPerson/Maps/GreyBox/D/PJ/7S7B6JTXNGATSVB1COKUK3
 |- Actor Path: /Game/ThirdPerson/Maps/GreyBox.GreyBox:PersistentLevel.GeometryCollectionActor_UAID_3C7C3FF43385CD6302_1941120129
 |- Actor Package: /Game/__ExternalActors__/ThirdPerson/Maps/GreyBox/4/2B/69W2LT787NJEH71S55L3RF
 |- Actor Path: /Game/ThirdPerson/Maps/GreyBox.GreyBox:PersistentLevel.GeometryCollectionActor_UAID_3C7C3FF43385CD6302_1941123130
 |- Actor Package: /Game/__ExternalActors__/ThirdPerson/Maps/GreyBox/0/DN/22VGTKOKB8EDF6CC3INFO0
 |- Actor Path: /Game/ThirdPerson/Maps/GreyBox.GreyBox:PersistentLevel.NavMeshBoundsVolume_UAID_3C7C3FF43385C04A02_1771241432
 |- Actor Package: /Game/__ExternalActors__/ThirdPerson/Maps/GreyBox/E/DI/XWAEDZ7YMVA7MT1QUCWD5O
 |- Actor Path: /Game/ThirdPerson/Maps/GreyBox.GreyBox:PersistentLevel.PlayerStart_0
 |- Actor Package: /Game/__ExternalActors__/ThirdPerson/Maps/GreyBox/0/WC/G7CQAYOZNTR6EULT71QFHV
 |- Actor Path: /Game/ThirdPerson/Maps/GreyBox.GreyBox:PersistentLevel.PostProcessVolume_0
 |- Actor Package: /Game/__ExternalActors__/ThirdPerson/Maps/GreyBox/5/V4/NDB31IRT1JB47Z170Z3C3N
 |- Actor Path: /Game/ThirdPerson/Maps/GreyBox.GreyBox:PersistentLevel.RecastNavMesh_UAID_3C7C3FF43385C04A02-Default
 |- Actor Package: /Game/__ExternalActors__/ThirdPerson/Maps/GreyBox/1/JG/TYPJVCKLIK43MKU0OQS7OF
 |- Actor Path: /Game/ThirdPerson/Maps/GreyBox.GreyBox:PersistentLevel.SkyAtmosphere_0
 |- Actor Package: /Game/__ExternalActors__/ThirdPerson/Maps/GreyBox/6/0D/LQ2ZPB2IOGC8JGXHZORIR9
 |- Actor Path: /Game/ThirdPerson/Maps/GreyBox.GreyBox:PersistentLevel.SkyLight_1
 |- Actor Package: /Game/__ExternalActors__/ThirdPerson/Maps/GreyBox/1/IJ/1KC39S7TR9N11IFW7MZ5XY
 |- Actor Path: /Game/ThirdPerson/Maps/GreyBox.GreyBox:PersistentLevel.StaticMeshActor_1
 |- Actor Package: /Game/__ExternalActors__/ThirdPerson/Maps/GreyBox/2/QO/CFW91NAMJEIMLNW90836SV
 |- Actor Path: /Game/ThirdPerson/Maps/GreyBox.GreyBox:PersistentLevel.StaticMeshActor_UAID_3C7C3FF43385926302_1928536736
 |- Actor Package: /Game/__ExternalActors__/ThirdPerson/Maps/GreyBox/F/4G/ZS78JL4W1LWF3R5YYBBYWC
 |- Actor Path: /Game/ThirdPerson/Maps/GreyBox.GreyBox:PersistentLevel.StaticMeshActor_UAID_3C7C3FF43385926302_1937035737
 |- Actor Package: /Game/__ExternalActors__/ThirdPerson/Maps/GreyBox/A/VL/PUYRFVL3H8XWA1IKL3ALMY
 |- Actor Path: /Game/ThirdPerson/Maps/GreyBox.GreyBox:PersistentLevel.StaticMeshActor_UAID_3C7C3FF43385926302_1940514738
 |- Actor Package: /Game/__ExternalActors__/ThirdPerson/Maps/GreyBox/D/TI/M1VBIFFD6Z0GXVSQKOXFUL
 |- Actor Path: /Game/ThirdPerson/Maps/GreyBox.GreyBox:PersistentLevel.StaticMeshActor_UAID_3C7C3FF43385926302_2093145743
 |- Actor Package: /Game/__ExternalActors__/ThirdPerson/Maps/GreyBox/4/F2/WE5OWAZPHYW2G0KS0E1PZD
 |- Actor Path: /Game/ThirdPerson/Maps/GreyBox.GreyBox:PersistentLevel.StaticMeshActor_UAID_3C7C3FF43385926302_2144881744
 |- Actor Package: /Game/__ExternalActors__/ThirdPerson/Maps/GreyBox/E/QK/SU7LB856KGMHPC7RYVNRTG
 |- Actor Path: /Game/ThirdPerson/Maps/GreyBox.GreyBox:PersistentLevel.StaticMeshActor_UAID_3C7C3FF43385936302_1128229922
 |- Actor Package: /Game/__ExternalActors__/ThirdPerson/Maps/GreyBox/0/87/VG2FJ4TIG6FTSGUTFY7FLM
 |- Actor Path: /Game/ThirdPerson/Maps/GreyBox.GreyBox:PersistentLevel.StaticMeshActor_UAID_3C7C3FF43385936302_1148376923
 |- Actor Package: /Game/__ExternalActors__/ThirdPerson/Maps/GreyBox/6/11/JWEQILCPK6KQ4MKFPQIXOC
 |- Actor Path: /Game/ThirdPerson/Maps/GreyBox.GreyBox:PersistentLevel.StaticMeshActor_UAID_3C7C3FF43385936302_1195017924
 |- Actor Package: /Game/__ExternalActors__/ThirdPerson/Maps/GreyBox/B/WB/CI9WSNVCRZWKSJVF6S20W3
 |- Actor Path: /Game/ThirdPerson/Maps/GreyBox.GreyBox:PersistentLevel.StaticMeshActor_UAID_3C7C3FF43385936302_1209651925
 |- Actor Package: /Game/__ExternalActors__/ThirdPerson/Maps/GreyBox/9/V8/ND76WC6DME5069JLN5ULU2
 |- Actor Path: /Game/ThirdPerson/Maps/GreyBox.GreyBox:PersistentLevel.StaticMeshActor_UAID_3C7C3FF43385CD6302_1842690121
 |- Actor Package: /Game/__ExternalActors__/ThirdPerson/Maps/GreyBox/9/4T/7RPTKXR37FH985KZR1BPGE
 |- Actor Path: /Game/ThirdPerson/Maps/GreyBox.GreyBox:PersistentLevel.StaticMeshActor_UAID_3C7C3FF43385CD6302_1862438122
 |- Actor Package: /Game/__ExternalActors__/ThirdPerson/Maps/GreyBox/1/LG/R8FKX3RC4HBDTMP3QZM0H5
 |- Actor Path: /Game/ThirdPerson/Maps/GreyBox.GreyBox:PersistentLevel.StaticMeshActor_UAID_3C7C3FF43385CD6302_1867227123
 |- Actor Package: /Game/__ExternalActors__/ThirdPerson/Maps/GreyBox/5/QC/SASRWQOV9WP8VXL42PJ87C
 |- Actor Path: /Game/ThirdPerson/Maps/GreyBox.GreyBox:PersistentLevel.StaticMeshActor_UAID_A4AE111137DC5EFB00_1110535423
 |- Actor Package: /Game/__ExternalActors__/ThirdPerson/Maps/GreyBox/8/I0/DORSRGWA95351CM5V3AJ1F
 |- Actor Path: /Game/ThirdPerson/Maps/GreyBox.GreyBox:PersistentLevel.TextRenderActor_UAID_3C7C3FF43385926302_2009777739
 |- Actor Package: /Game/__ExternalActors__/ThirdPerson/Maps/GreyBox/F/30/2LLU8ZJXHKSSW0GARV2C6Q
 |- Actor Path: /Game/ThirdPerson/Maps/GreyBox.GreyBox:PersistentLevel.TextRenderActor_UAID_3C7C3FF43385926302_2009780740
 |- Actor Package: /Game/__ExternalActors__/ThirdPerson/Maps/GreyBox/B/RD/1ULK29R497O167H0L07U4Y
 |- Actor Path: /Game/ThirdPerson/Maps/GreyBox.GreyBox:PersistentLevel.TextRenderActor_UAID_3C7C3FF43385926302_2009781741
 |- Actor Package: /Game/__ExternalActors__/ThirdPerson/Maps/GreyBox/A/CB/SMUV8EJD2CHNMGSS8L942X
 |- Actor Path: /Game/ThirdPerson/Maps/GreyBox.GreyBox:PersistentLevel.TextRenderActor_UAID_3C7C3FF43385926302_2009782742
 |- Actor Package: /Game/__ExternalActors__/ThirdPerson/Maps/GreyBox/C/P8/OKGFIJU6I6QYL8L8379TGB
 |- Actor Path: /Game/ThirdPerson/Maps/GreyBox.GreyBox:PersistentLevel.TextRenderActor_UAID_3C7C3FF43385CD6302_2026344131
 |- Actor Package: /Game/__ExternalActors__/ThirdPerson/Maps/GreyBox/1/2R/NO2AIRPYYCG7UKZLT69C0M
 |- Actor Path: /Game/ThirdPerson/Maps/GreyBox.GreyBox:PersistentLevel.VolumetricCloud_0
 |- Actor Package: /Game/__ExternalActors__/ThirdPerson/Maps/GreyBox/9/K7/INZB55RH8EZ7UBYK52BQIX
 |- Actor Path: /Game/ThirdPerson/Maps/GreyBox.GreyBox:PersistentLevel.WorldDataLayers
 |- Actor Package: /Game/__ExternalActors__/ThirdPerson/Maps/GreyBox/7/XD/EKRNOPXA704CEUVKA4UE7Q

----------------------------------------------------------------------------------------------------------------
GreyBox - Runtime Hash Set
----------------------------------------------------------------------------------------------------------------

